https://api.github.com/search/respositories



https://github.com/gomathivig/springBootExer/tree/gomathiran

IN RestAPI : (Using Postman)
	https://api.github.com/users/
	
	Pwd: Padhu@123456
	UserName : padmanaban20892
	
	
	
Coding Assment 
------------------------
https://bitbucket.org/c967784/spring-boot-coding-exercise



Below Details -> Rest API 
	
	
	
	
	
Search repositories 

https://api.github.com/search/repositories?q=tetris+language:assembly&sort=stars&order=desc

Search repositories with createDate

>'date -v-7d +%Y-%m-%d'
https://api.github.com/search/repositories?q=created:2023-10-20..2023-10-17&sort=stars&order=desc



 Find the hottest repositories created in the last week
Final API (Last week Date) : Custom API
https://api.github.com/search/repositories?q=created:2023-10-12..2023-10-20&sort=stars&order=desc

html_url
  watchers_count
  language
  description
  name

Find the oldest user accounts with zero followers


https://api.github.com/search/users?q=followers:0&sort=joined&order=asc



http://localhost:8080/gitSearchRepos-Lastweek




https://github.com/padmanaban20892/Springboot-Coding-Assement-wipro.git



git commit : //proecdure in GitHub
-------------------------------
https://www.digitalocean.com/community/tutorials/how-to-push-an-existing-project-to-github


git init
git add -a



git remote add origin https://github.com/padmanaban20892/Springboot-Coding-Assement-wipro.git



git push -u -f origin main


git init
git add -A
git commit -m 'Added my project'
git remote add origin git@github.com:padmanaban20892/Springboot-Coding-Assement-wipro.git
git push -u -f origin main

$ git push -u -f origin main
error: src refspec main does not match any
error: failed to push some refs to 'https://github.com/padmanaban20892/Springboot-Coding-Assement-wipro.git'
PA20303803@L-158041152 MINGW64 /d/CodingAssement/Telstra_SpringBootMicroservices_CodingAssement/SpringbootProject (master)
$ git push -u -f origin master
fatal: unable to access 'https://github.com/padmanaban20892/Springboot-Coding-Assement-wipro.git/': SSL certificate problem: unable to get local issuer certificate


https://stackoverflow.com/questions/23885449/unable-to-resolve-unable-to-get-local-issuer-certificate-using-git-on-windows

 git config --global http.sslbackend schannel



o obtain only the remote URL:

git config --get remote.origin.url



git remote -v
# View existing remotes
# origin  https://github.com/user/repo.git (fetch)
# origin  https://github.com/user/repo.git (push)
======
Change Origin URL 

$ git remote -v
origin  https://bitbucket.org/c967784/spring-boot-coding-exercise.git (fetch)
origin  https://bitbucket.org/c967784/spring-boot-coding-exercise.git (push)

PA20303803@L-158041152 MINGW64 /d/CodingAssement/Telstra_SpringBootMicroservices_CodingAssement/SpringbootProject/spring-boot-coding-assement (master)
$ git remote set-url origin https://github.com/padmanaban20892/Springboot-Coding-Assement-wipro.git

PA20303803@L-158041152 MINGW64 /d/CodingAssement/Telstra_SpringBootMicroservices_CodingAssement/SpringbootProject/spring-boot-coding-assement (master)
$ git remote -v
origin  https://github.com/padmanaban20892/Springboot-Coding-Assement-wipro.git (fetch)
origin  https://github.com/padmanaban20892/Springboot-Coding-Assement-wipro.git (push)

PA20303803@L-158041152 MINGW64 /d/CodingAssement/Telstra_SpringBootMicroservices_CodingAssement/SpringbootProject/spring-boot-coding-assement (master)
$ git push -u -f origin master
Enumerating objects: 233, done.
Counting objects: 100% (233/233), done.
Delta compression using up to 8 threads
Compressing objects: 100% (126/126), done.
Writing objects: 100% (233/233), 32.22 KiB | 2.01 MiB/s, done.
Total 233 (delta 61), reused 211 (delta 53), pack-reused 0
remote: Resolving deltas: 100% (61/61), done.
To https://github.com/padmanaban20892/Springboot-Coding-Assement-wipro.git
 + f8571fe...005fa34 master -> master (forced update)
branch 'master' set up to track 'origin/master'.

PA20303803@L-158041152 MINGW64 /d/CodingAssement/Telstra_SpringBootMicroservices_CodingAssement/SpringbootProject/spring-boot-coding-assement (master)
$





===========================================================

1. git clone https://github.com/padmanaban20892/padhu.git


Upload project into HitHub (fresh) poject
-------------

git init
Initialized empty Git repository in D:/CodingAssement/Personal_Interview/.git/



git remote add origin https://github.com/padmanaban20892/padhu.git
$ git remote -v 

git pull origin master




git add .   (all files)

git status

git commit -m "commit message"

git remote 

git branch

$ git push -u -f origin master

--------------------------------------------

PA20303803@L-158041152 MINGW64 /d/CodingAssement/Personal_Interview (master)
$ git remote add origin https://github.com/padmanaban20892/padhu.git
error: remote origin already exists.

PA20303803@L-158041152 MINGW64 /d/CodingAssement/Personal_Interview (master)
$ git add .

PA20303803@L-158041152 MINGW64 /d/CodingAssement/Personal_Interview (master)
$ git status
On branch master
nothing to commit, working tree clean

PA20303803@L-158041152 MINGW64 /d/CodingAssement/Personal_Interview (master)
$ git status
On branch master
Changes not staged for commit:
  (use "git add <file>..." to update what will be committed)
  (use "git restore <file>..." to discard changes in working directory)
        modified:   Assement Details.txt

no changes added to commit (use "git add" and/or "git commit -a")

PA20303803@L-158041152 MINGW64 /d/CodingAssement/Personal_Interview (master)
$ git add .

PA20303803@L-158041152 MINGW64 /d/CodingAssement/Personal_Interview (master)
$ git status
On branch master
Changes to be committed:
  (use "git restore --staged <file>..." to unstage)
        modified:   Assement Details.txt


PA20303803@L-158041152 MINGW64 /d/CodingAssement/Personal_Interview (master)
$ git commit -m "testproject1"
[master 9f30a74] testproject1
 Committer: Padmanaban A <PA20303803@wipro.com>
Your name and email address were configured automatically based
on your username and hostname. Please check that they are accurate.
You can suppress this message by setting them explicitly:

    git config --global user.name "Your Name"
    git config --global user.email you@example.com

After doing this, you may fix the identity used for this commit with:

    git commit --amend --reset-author

 1 file changed, 2 insertions(+), 1 deletion(-)

PA20303803@L-158041152 MINGW64 /d/CodingAssement/Personal_Interview (master)
$ git push -u origin master
To https://github.com/padmanaban20892/padhu.git
 ! [rejected]        master -> master (non-fast-forward)
error: failed to push some refs to 'https://github.com/padmanaban20892/padhu.git'
hint: Updates were rejected because the tip of your current branch is behind
hint: its remote counterpart. Integrate the remote changes (e.g.
hint: 'git pull ...') before pushing again.
hint: See the 'Note about fast-forwards' in 'git push --help' for details.

PA20303803@L-158041152 MINGW64 /d/CodingAssement/Personal_Interview (master)
$ git checkout -b master
fatal: a branch named 'master' already exists

PA20303803@L-158041152 MINGW64 /d/CodingAssement/Personal_Interview (master)
$ git push origin master
To https://github.com/padmanaban20892/padhu.git
 ! [rejected]        master -> master (non-fast-forward)
error: failed to push some refs to 'https://github.com/padmanaban20892/padhu.git'
hint: Updates were rejected because the tip of your current branch is behind
hint: its remote counterpart. Integrate the remote changes (e.g.
hint: 'git pull ...') before pushing again.
hint: See the 'Note about fast-forwards' in 'git push --help' for details.

PA20303803@L-158041152 MINGW64 /d/CodingAssement/Personal_Interview (master)
$ git push -u -f origin master
Enumerating objects: 9, done.
Counting objects: 100% (9/9), done.
Delta compression using up to 8 threads
Compressing objects: 100% (9/9), done.
Writing objects: 100% (9/9), 34.06 KiB | 1.79 MiB/s, done.
Total 9 (delta 2), reused 0 (delta 0), pack-reused 0
remote: Resolving deltas: 100% (2/2), done.
To https://github.com/padmanaban20892/padhu.git
 + cf11e93...9f30a74 master -> master (forced update)
branch 'master' set up to track 'origin/master'.

PA20303803@L-158041152 MINGW64 /d/CodingAssement/Personal_Interview (master)
$ git status
On branch master
Your branch is up to date with 'origin/master'.

Changes not staged for commit:
  (use "git add <file>..." to update what will be committed)
  (use "git restore <file>..." to discard changes in working directory)
        modified:   Assement Details.txt

no changes added to commit (use "git add" and/or "git commit -a")

PA20303803@L-158041152 MINGW64 /d/CodingAssement/Personal_Interview (master)
$ git status
On branch master
Your branch is up to date with 'origin/master'.

Changes not staged for commit:
  (use "git add <file>..." to update what will be committed)
  (use "git restore <file>..." to discard changes in working directory)
        modified:   Assement Details.txt

Untracked files:
  (use "git add <file>..." to include in what will be committed)
        Assement_Details.txt

no changes added to commit (use "git add" and/or "git commit -a")

PA20303803@L-158041152 MINGW64 /d/CodingAssement/Personal_Interview (master)
$ git add Assement_Details.txt

PA20303803@L-158041152 MINGW64 /d/CodingAssement/Personal_Interview (master)
$ git status
On branch master
Your branch is up to date with 'origin/master'.

Changes to be committed:
  (use "git restore --staged <file>..." to unstage)
        new file:   Assement_Details.txt

Changes not staged for commit:
  (use "git add <file>..." to update what will be committed)
  (use "git restore <file>..." to discard changes in working directory)
        modified:   Assement Details.txt


PA20303803@L-158041152 MINGW64 /d/CodingAssement/Personal_Interview (master)
$ git commit -m "test git comments"
[master 3c36a44] test git comments
 Committer: Padmanaban A <PA20303803@wipro.com>
Your name and email address were configured automatically based
on your username and hostname. Please check that they are accurate.
You can suppress this message by setting them explicitly:

    git config --global user.name "Your Name"
    git config --global user.email you@example.com

After doing this, you may fix the identity used for this commit with:

    git commit --amend --reset-author

 1 file changed, 180 insertions(+)
 create mode 100644 Assement_Details.txt

PA20303803@L-158041152 MINGW64 /d/CodingAssement/Personal_Interview (master)
$ git push -u -f origin master
Enumerating objects: 4, done.
Counting objects: 100% (4/4), done.
Delta compression using up to 8 threads
Compressing objects: 100% (3/3), done.
Writing objects: 100% (3/3), 1.71 KiB | 195.00 KiB/s, done.
Total 3 (delta 1), reused 0 (delta 0), pack-reused 0
remote: Resolving deltas: 100% (1/1), completed with 1 local object.
To https://github.com/padmanaban20892/padhu.git
   9f30a74..3c36a44  master -> master
branch 'master' set up to track 'origin/master'.

PA20303803@L-158041152 MINGW64 /d/CodingAssement/Personal_Interview (master)




